(to,5)
(the,5)
(to,10)
(sleep,5)
(and,5)
(of,5)
(the,10)
(s,5)
(that,5)
(the,10)
(a,5)
(to,10)
(of,10)
(the,10)
(and,10)
(of,10)
