(to,1)
(be,1)
(or,1)
(not,1)
(to,2)
(be,2)
(that,1)
(is,1)
(the,1)
(question,1)
(whether,1)
(tis,1)
(nobler,1)
(in,1)
(the,2)
(mind,1)
(to,3)
(suffer,1)
(the,3)
(slings,1)
(and,1)
(arrows,1)
(of,1)
(outrageous,1)
(fortune,1)
(or,2)
(to,4)
(take,1)
(arms,1)
(against,1)
(a,1)
(sea,1)
(of,2)
(troubles,1)
(and,2)
(by,1)
(opposing,1)
(end,1)
(them,1)
(to,5)
(die,1)
(to,6)
(sleep,1)
(no,1)
(more,1)
(and,3)
(by,2)
(a,2)
(sleep,2)
(to,7)
(say,1)
(we,1)
(end,2)
(the,4)
(heartache,1)
(and,4)
(the,5)
(thousand,1)
(natural,1)
(shocks,1)
(that,2)
(flesh,1)
(is,2)
(heir,1)
(to,8)
(tis,2)
(a,3)
(consummation,1)
(devoutly,1)
(to,9)
(be,3)
(wish,1)
(d,1)
(to,10)
(die,2)
(to,11)
(sleep,3)
(to,12)
(sleep,4)
(perchance,1)
(to,13)
(dream,1)
(ay,1)
(there,1)
(s,1)
(the,6)
(rub,1)
(for,1)
(in,2)
(that,3)
(sleep,5)
(of,3)
(death,1)
(what,1)
(dreams,1)
(may,1)
(come,1)
(when,1)
(we,2)
(have,1)
(shuffled,1)
(off,1)
(this,1)
(mortal,1)
(coil,1)
(must,1)
(give,1)
(us,1)
(pause,1)
(there,2)
(s,2)
(the,7)
(respect,1)
(that,4)
(makes,1)
(calamity,1)
(of,4)
(so,1)
(long,1)
(life,1)
(for,2)
(who,1)
(would,1)
(bear,1)
(the,8)
(whips,1)
(and,5)
(scorns,1)
(of,5)
(time,1)
(the,9)
(oppressor,1)
(s,3)
(wrong,1)
(the,10)
(proud,1)
(man,1)
(s,4)
(contumely,1)
(the,11)
(pangs,1)
(of,6)
(despis,1)
(d,2)
(love,1)
(the,12)
(law,1)
(s,5)
(delay,1)
(the,13)
(insolence,1)
(of,7)
(office,1)
(and,6)
(the,14)
(spurns,1)
(that,5)
(patient,1)
(merit,1)
(of,8)
(the,15)
(unworthy,1)
(takes,1)
(when,2)
(he,1)
(himself,1)
(might,1)
(his,1)
(quietus,1)
(make,1)
(with,1)
(a,4)
(bare,1)
(bodkin,1)
(who,2)
(would,2)
(these,1)
(fardels,1)
(bear,2)
(to,14)
(grunt,1)
(and,7)
(sweat,1)
(under,1)
(a,5)
(weary,1)
(life,2)
(but,1)
(that,6)
(the,16)
(dread,1)
(of,9)
(something,1)
(after,1)
(death,2)
(the,17)
(undiscover,1)
(d,3)
(country,1)
(from,1)
(whose,1)
(bourn,1)
(no,2)
(traveller,1)
(returns,1)
(puzzles,1)
(the,18)
(will,1)
(and,8)
(makes,2)
(us,2)
(rather,1)
(bear,3)
(those,1)
(ills,1)
(we,3)
(have,2)
(than,1)
(fly,1)
(to,15)
(others,1)
(that,7)
(we,4)
(know,1)
(not,2)
(of,10)
(thus,1)
(conscience,1)
(does,1)
(make,2)
(cowards,1)
(of,11)
(us,3)
(all,1)
(and,9)
(thus,2)
(the,19)
(native,1)
(hue,1)
(of,12)
(resolution,1)
(is,3)
(sicklied,1)
(o,1)
(er,1)
(with,2)
(the,20)
(pale,1)
(cast,1)
(of,13)
(thought,1)
(and,10)
(enterprises,1)
(of,14)
(great,1)
(pith,1)
(and,11)
(moment,1)
(with,3)
(this,2)
(regard,1)
(their,1)
(currents,1)
(turn,1)
(awry,1)
(and,12)
(lose,1)
(the,21)
(name,1)
(of,15)
(action,1)
(soft,1)
(you,1)
(now,1)
(the,22)
(fair,1)
(ophelia,1)
(nymph,1)
(in,3)
(thy,1)
(orisons,1)
(be,4)
(all,2)
(my,1)
(sins,1)
(remember,1)
(d,4)
